## LEARN GIT

ADMIN@DESKTOP-KGM478O MINGW64 ~
$ git --version
git version 2.43.0.windows.1

ADMIN@DESKTOP-KGM478O MINGW64 ~
$ git config --global user.name "wilfred-ke"

ADMIN@DESKTOP-KGM478O MINGW64 ~
$ git config --global user.email "omwagawilfred@gmail.com"

ADMIN@DESKTOP-KGM478O MINGW64 ~
$ mkdir real_estate_management_system

ADMIN@DESKTOP-KGM478O MINGW64 ~
$ cd real_estate_management_system

ADMIN@DESKTOP-KGM478O MINGW64 ~/real_estate_management_system
$ git init
Initialized empty Git repository in C:/Users/ADMIN/real_estate_management_system/.git/

ADMIN@DESKTOP-KGM478O MINGW64 ~/real_estate_management_system (master)
$ ls
index.html

ADMIN@DESKTOP-KGM478O MINGW64 ~/real_estate_management_system (master)
$ git status
On branch master

No commits yet

Untracked files:
  (use "git add <file>..." to include in what will be committed)
        index.html

nothing added to commit but untracked files present (use "git add" to track)

ADMIN@DESKTOP-KGM478O MINGW64 ~/real_estate_management_system (master)
$ git.add index.html
bash: git.add: command not found

ADMIN@DESKTOP-KGM478O MINGW64 ~/real_estate_management_system (master)
$ git add index.html

ADMIN@DESKTOP-KGM478O MINGW64 ~/real_estate_management_system (master)
$ git status
On branch master

No commits yet

Changes to be committed:
  (use "git rm --cached <file>..." to unstage)
        new file:   index.html


ADMIN@DESKTOP-KGM478O MINGW64 ~/real_estate_management_system (master)
$ git add --all

ADMIN@DESKTOP-KGM478O MINGW64 ~/real_estate_management_system (master)
$ git status
On branch master

No commits yet

Changes to be committed:
  (use "git rm --cached <file>..." to unstage)
        new file:   index.html
        new file:   readme.md


ADMIN@DESKTOP-KGM478O MINGW64 ~/real_estate_management_system (master)
$ git commit -m "My first release of REMS"
[master (root-commit) dcc9675] My first release of REMS
 2 files changed, 21 insertions(+)
 create mode 100644 index.html
 create mode 100644 readme.md

ADMIN@DESKTOP-KGM478O MINGW64 ~/real_estate_management_system (master)
$ git status --short
 M index.html

ADMIN@DESKTOP-KGM478O MINGW64 ~/real_estate_management_system (master)
$ git commit -a -m "updated index.html with a new line"
[master 8df41f0] updated index.html with a new line
 1 file changed, 1 insertion(+)

ADMIN@DESKTOP-KGM478O MINGW64 ~/real_estate_management_system (master)
$ git log
commit 8df41f06f8a05567cb5c8bf74118dcd4c5c237de (HEAD -> master)
Author: wilfred-ke <omwagawilfred@gmail.com>
Date:   Sun Jan 7 13:32:41 2024 +0300

    updated index.html with a new line

commit dcc9675ffc0a2b005458e8e49e907c92ae5d2302
Author: wilfred-ke <omwagawilfred@gmail.com>
Date:   Sun Jan 7 13:22:05 2024 +0300

    My first release of REMS

ADMIN@DESKTOP-KGM478O MINGW64 ~/real_estate_management_system (master)
$ git help --all
See 'git help <command>' to read about a specific subcommand

Main Porcelain Commands
   add                     Add file contents to the index
   am                      Apply a series of patches from a mailbox
   archive                 Create an archive of files from a named tree
   bisect                  Use binary search to find the commit that introduced a bug
   branch                  List, create, or delete branches
   bundle                  Move objects and refs by archive
   checkout                Switch branches or restore working tree files
   cherry-pick             Apply the changes introduced by some existing commits
   citool                  Graphical alternative to git-commit
   clean                   Remove untracked files from the working tree
   clone                   Clone a repository into a new directory
   commit                  Record changes to the repository
   describe                Give an object a human readable name based on an available ref
   diff                    Show changes between commits, commit and working tree, etc
   fetch                   Download objects and refs from another repository
   format-patch            Prepare patches for e-mail submission
   gc                      Cleanup unnecessary files and optimize the local repository
   gitk                    The Git repository browser
   grep                    Print lines matching a pattern
   gui                     A portable graphical interface to Git
   init                    Create an empty Git repository or reinitialize an existing one
   log                     Show commit logs
   maintenance             Run tasks to optimize Git repository data
   merge                   Join two or more development histories together
   mv                      Move or rename a file, a directory, or a symlink
   notes                   Add or inspect object notes
   pull                    Fetch from and integrate with another repository or a local branch
   push                    Update remote refs along with associated objects
   range-diff              Compare two commit ranges (e.g. two versions of a branch)
   rebase                  Reapply commits on top of another base tip
   reset                   Reset current HEAD to the specified state
   restore                 Restore working tree files
   revert                  Revert some existing commits
   rm                      Remove files from the working tree and from the index
   scalar                  A tool for managing large Git repositories
   shortlog                Summarize 'git log' output
   show                    Show various types of objects
   sparse-checkout         Reduce your working tree to a subset of tracked files
   stash                   Stash the changes in a dirty working directory away
   status                  Show the working tree status
   submodule               Initialize, update or inspect submodules
   switch                  Switch branches
   tag                     Create, list, delete or verify a tag object signed with GPG
   worktree                Manage multiple working trees

Ancillary Commands / Manipulators
   config                  Get and set repository or global options
   fast-export             Git data exporter
   fast-import             Backend for fast Git data importers
   filter-branch           Rewrite branches
   mergetool               Run merge conflict resolution tools to resolve merge conflicts
   pack-refs               Pack heads and tags for efficient repository access
   prune                   Prune all unreachable objects from the object database
   reflog                  Manage reflog information
   remote                  Manage set of tracked repositories
   repack                  Pack unpacked objects in a repository
   replace                 Create, list, delete refs to replace objects

Ancillary Commands / Interrogators
   annotate                Annotate file lines with commit information
   blame                   Show what revision and author last modified each line of a file
   bugreport               Collect information for user to file a bug report
   count-objects           Count unpacked number of objects and their disk consumption
   diagnose                Generate a zip archive of diagnostic information
   difftool                Show changes using common diff tools
   fsck                    Verifies the connectivity and validity of the objects in the database
   gitweb                  Git web interface (web frontend to Git repositories)
   help                    Display help information about Git
   instaweb                Instantly browse your working repository in gitweb
   merge-tree              Perform merge without touching index or working tree
   rerere                  Reuse recorded resolution of conflicted merges
   show-branch             Show branches and their commits
   verify-commit           Check the GPG signature of commits
   verify-tag              Check the GPG signature of tags
   version                 Display version information about Git
   whatchanged             Show logs with differences each commit introduces

Interacting with Others
   archimport              Import a GNU Arch repository into Git
   cvsexportcommit         Export a single commit to a CVS checkout
   cvsimport               Salvage your data out of another SCM people love to hate
   cvsserver               A CVS server emulator for Git
   imap-send               Send a collection of patches from stdin to an IMAP folder
   p4                      Import from and submit to Perforce repositories
   quiltimport             Applies a quilt patchset onto the current branch
   request-pull            Generates a summary of pending changes
   send-email              Send a collection of patches as emails
   svn                     Bidirectional operation between a Subversion repository and Git

Low-level Commands / Manipulators
   apply                   Apply a patch to files and/or to the index
   checkout-index          Copy files from the index to the working tree
   commit-graph            Write and verify Git commit-graph files
   commit-tree             Create a new commit object
   hash-object             Compute object ID and optionally create an object from a file
   index-pack              Build pack index file for an existing packed archive
   merge-file              Run a three-way file merge
   merge-index             Run a merge for files needing merging
   mktag                   Creates a tag object with extra validation
   mktree                  Build a tree-object from ls-tree formatted text
   multi-pack-index        Write and verify multi-pack-indexes
   pack-objects            Create a packed archive of objects
   prune-packed            Remove extra objects that are already in pack files
   read-tree               Reads tree information into the index
   symbolic-ref            Read, modify and delete symbolic refs
   unpack-objects          Unpack objects from a packed archive
   update-index            Register file contents in the working tree to the index
   update-ref              Update the object name stored in a ref safely
   write-tree              Create a tree object from the current index

Low-level Commands / Interrogators
   cat-file                Provide contents or details of repository objects
   cherry                  Find commits yet to be applied to upstream
   diff-files              Compares files in the working tree and the index
   diff-index              Compare a tree to the working tree or index
   diff-tree               Compares the content and mode of blobs found via two tree objects
   for-each-ref            Output information on each ref
   for-each-repo           Run a Git command on a list of repositories
   get-tar-commit-id       Extract commit ID from an archive created using git-archive
   ls-files                Show information about files in the index and the working tree
   ls-remote               List references in a remote repository
   ls-tree                 List the contents of a tree object
   merge-base              Find as good common ancestors as possible for a merge
   name-rev                Find symbolic names for given revs
   pack-redundant          Find redundant pack files
   rev-list                Lists commit objects in reverse chronological order
   rev-parse               Pick out and massage parameters
   show-index              Show packed archive index
   show-ref                List references in a local repository
   unpack-file             Creates a temporary file with a blob's contents
   var                     Show a Git logical variable
   verify-pack             Validate packed Git archive files

Low-level Commands / Syncing Repositories
   daemon                  A really simple server for Git repositories
   fetch-pack              Receive missing objects from another repository
   http-backend            Server side implementation of Git over HTTP
   send-pack               Push objects over Git protocol to another repository
   update-server-info      Update auxiliary info file to help dumb servers

Low-level Commands / Internal Helpers
   check-attr              Display gitattributes information
See 'git help <command>' to read about a specific subcommand

Main Porcelain Commands
   add                     Add file contents to the index
   am                      Apply a series of patches from a mailbox
   archive                 Create an archive of files from a named tree
   bisect                  Use binary search to find the commit that introduced a bug
   branch                  List, create, or delete branches
   bundle                  Move objects and refs by archive
   checkout                Switch branches or restore working tree files
   cherry-pick             Apply the changes introduced by some existing commits
   citool                  Graphical alternative to git-commit
   clean                   Remove untracked files from the working tree
   clone                   Clone a repository into a new directory
   commit                  Record changes to the repository
   describe                Give an object a human readable name based on an available ref
   diff                    Show changes between commits, commit and working tree, etc
   fetch                   Download objects and refs from another repository
   format-patch            Prepare patches for e-mail submission
   gc                      Cleanup unnecessary files and optimize the local repository
   gitk                    The Git repository browser
   grep                    Print lines matching a pattern
   gui                     A portable graphical interface to Git
   init                    Create an empty Git repository or reinitialize an existing one
   log                     Show commit logs
   maintenance             Run tasks to optimize Git repository data
   merge                   Join two or more development histories together
   mv                      Move or rename a file, a directory, or a symlink
   notes                   Add or inspect object notes
   pull                    Fetch from and integrate with another repository or a local branch
   push                    Update remote refs along with associated objects
   range-diff              Compare two commit ranges (e.g. two versions of a branch)
   rebase                  Reapply commits on top of another base tip
   reset                   Reset current HEAD to the specified state
   restore                 Restore working tree files
   revert                  Revert some existing commits
   rm                      Remove files from the working tree and from the index
   scalar                  A tool for managing large Git repositories
   shortlog                Summarize 'git log' output
   show                    Show various types of objects
   sparse-checkout         Reduce your working tree to a subset of tracked files
   stash                   Stash the changes in a dirty working directory away
   status                  Show the working tree status
   submodule               Initialize, update or inspect submodules
   switch                  Switch branches
   tag                     Create, list, delete or verify a tag object signed with GPG
   worktree                Manage multiple working trees

Ancillary Commands / Manipulators
   config                  Get and set repository or global options
...skipping...

Main Porcelain Commands
   add                     Add file contents to the index
   am                      Apply a series of patches from a mailbox
   archive                 Create an archive of files from a named tree
   bisect                  Use binary search to find the commit that introduced a bug
   branch                  List, create, or delete branches
   bundle                  Move objects and refs by archive
   checkout                Switch branches or restore working tree files
   cherry-pick             Apply the changes introduced by some existing commits
   citool                  Graphical alternative to git-commit
   clean                   Remove untracked files from the working tree
   clone                   Clone a repository into a new directory
   commit                  Record changes to the repository
   describe                Give an object a human readable name based on an available ref
   diff                    Show changes between commits, commit and working tree, etc
   fetch                   Download objects and refs from another repository
   format-patch            Prepare patches for e-mail submission
   gc                      Cleanup unnecessary files and optimize the local repository
   gitk                    The Git repository browser
   grep                    Print lines matching a pattern
   gui                     A portable graphical interface to Git
   init                    Create an empty Git repository or reinitialize an existing one
   log                     Show commit logs
   maintenance             Run tasks to optimize Git repository data
   merge                   Join two or more development histories together
   mv                      Move or rename a file, a directory, or a symlink
   notes                   Add or inspect object notes
   pull                    Fetch from and integrate with another repository or a local branch
   push                    Update remote refs along with associated objects
   range-diff              Compare two commit ranges (e.g. two versions of a branch)
   rebase                  Reapply commits on top of another base tip
   reset                   Reset current HEAD to the specified state
   restore                 Restore working tree files
   revert                  Revert some existing commits
   rm                      Remove files from the working tree and from the index
   scalar                  A tool for managing large Git repositories
   shortlog                Summarize 'git log' output
   show                    Show various types of objects
   sparse-checkout         Reduce your working tree to a subset of tracked files
   stash                   Stash the changes in a dirty working directory away
   status                  Show the working tree status
   submodule               Initialize, update or inspect submodules
   switch                  Switch branches
   tag                     Create, list, delete or verify a tag object signed with GPG
   worktree                Manage multiple working trees

Ancillary Commands / Manipulators
   config                  Get and set repository or global options
   fast-export             Git data exporter
...skipping...
Main Porcelain Commands
See 'git help <command>' to read about a specific subcommand

Main Porcelain Commands
   add                     Add file contents to the index
   am                      Apply a series of patches from a mailbox
   archive                 Create an archive of files from a named tree
   bisect                  Use binary search to find the commit that introduced a bug
   branch                  List, create, or delete branches
   bundle                  Move objects and refs by archive
   checkout                Switch branches or restore working tree files
   cherry-pick             Apply the changes introduced by some existing commits
   citool                  Graphical alternative to git-commit
   clean                   Remove untracked files from the working tree
   clone                   Clone a repository into a new directory
   commit                  Record changes to the repository
   describe                Give an object a human readable name based on an available ref
   diff                    Show changes between commits, commit and working tree, etc
   fetch                   Download objects and refs from another repository
   format-patch            Prepare patches for e-mail submission
   gc                      Cleanup unnecessary files and optimize the local repository
   gitk                    The Git repository browser
   grep                    Print lines matching a pattern
   gui                     A portable graphical interface to Git
   init                    Create an empty Git repository or reinitialize an existing one
   log                     Show commit logs
   maintenance             Run tasks to optimize Git repository data
   merge                   Join two or more development histories together
   mv                      Move or rename a file, a directory, or a symlink
   notes                   Add or inspect object notes
   pull                    Fetch from and integrate with another repository or a local branch
   push                    Update remote refs along with associated objects
   range-diff              Compare two commit ranges (e.g. two versions of a branch)
   rebase                  Reapply commits on top of another base tip
   reset                   Reset current HEAD to the specified state
   restore                 Restore working tree files
   revert                  Revert some existing commits
   rm                      Remove files from the working tree and from the index
   scalar                  A tool for managing large Git repositories
   shortlog                Summarize 'git log' output
   show                    Show various types of objects
   sparse-checkout         Reduce your working tree to a subset of tracked files
   stash                   Stash the changes in a dirty working directory away
   status                  Show the working tree status
   submodule               Initialize, update or inspect submodules
   switch                  Switch branches
   tag                     Create, list, delete or verify a tag object signed with GPG
   worktree                Manage multiple working trees

Ancillary Commands / Manipulators
...skipping...
See 'git help <command>' to read about a specific subcommand

Main Porcelain Commands
   add                     Add file contents to the index
   am                      Apply a series of patches from a mailbox
   archive                 Create an archive of files from a named tree
   bisect                  Use binary search to find the commit that introduced a bug
   branch                  List, create, or delete branches
   bundle                  Move objects and refs by archive
   checkout                Switch branches or restore working tree files
   cherry-pick             Apply the changes introduced by some existing commits
   citool                  Graphical alternative to git-commit
   clean                   Remove untracked files from the working tree
   clone                   Clone a repository into a new directory
   commit                  Record changes to the repository
   describe                Give an object a human readable name based on an available ref
   diff                    Show changes between commits, commit and working tree, etc
   fetch                   Download objects and refs from another repository
   format-patch            Prepare patches for e-mail submission
   gc                      Cleanup unnecessary files and optimize the local repository
   gitk                    The Git repository browser
   grep                    Print lines matching a pattern
   gui                     A portable graphical interface to Git
   init                    Create an empty Git repository or reinitialize an existing one
   log                     Show commit logs
   maintenance             Run tasks to optimize Git repository data
   merge                   Join two or more development histories together
   mv                      Move or rename a file, a directory, or a symlink
   notes                   Add or inspect object notes
   pull                    Fetch from and integrate with another repository or a local branch
   push                    Update remote refs along with associated objects
   range-diff              Compare two commit ranges (e.g. two versions of a branch)
   rebase                  Reapply commits on top of another base tip
   reset                   Reset current HEAD to the specified state
   restore                 Restore working tree files
   revert                  Revert some existing commits
   rm                      Remove files from the working tree and from the index
   scalar                  A tool for managing large Git repositories
   shortlog                Summarize 'git log' output
   show                    Show various types of objects
   sparse-checkout         Reduce your working tree to a subset of tracked files
   stash                   Stash the changes in a dirty working directory away
   status                  Show the working tree status
   submodule               Initialize, update or inspect submodules
   switch                  Switch branches
   tag                     Create, list, delete or verify a tag object signed with GPG
   worktree                Manage multiple working trees

Ancillary Commands / Manipulators

ADMIN@DESKTOP-KGM478O MINGW64 ~/real_estate_management_system (master)
$ git branch temporary real estate
usage: git branch [<options>] [-r | -a] [--merged] [--no-merged]
   or: git branch [<options>] [-f] [--recurse-submodules] <branch-name> [<start-point>]
   or: git branch [<options>] [-l] [<pattern>...]
   or: git branch [<options>] [-r] (-d | -D) <branch-name>...
   or: git branch [<options>] (-m | -M) [<old-branch>] <new-branch>
   or: git branch [<options>] (-c | -C) [<old-branch>] <new-branch>
   or: git branch [<options>] [-r | -a] [--points-at]
   or: git branch [<options>] [-r | -a] [--format]

Generic options
    -v, --[no-]verbose    show hash and subject, give twice for upstream branch
    -q, --[no-]quiet      suppress informational messages
    -t, --[no-]track[=(direct|inherit)]
                          set branch tracking configuration
    -u, --[no-]set-upstream-to <upstream>
                          change the upstream info
    --[no-]unset-upstream unset the upstream info
    --[no-]color[=<when>] use colored output
    -r, --remotes         act on remote-tracking branches
    --contains <commit>   print only branches that contain the commit
    --no-contains <commit>
                          print only branches that don't contain the commit
    --[no-]abbrev[=<n>]   use <n> digits to display object names

Specific git-branch actions:
    -a, --all             list both remote-tracking and local branches
    -d, --[no-]delete     delete fully merged branch
    -D                    delete branch (even if not merged)
    -m, --[no-]move       move/rename a branch and its reflog
    -M                    move/rename a branch, even if target exists
    --[no-]omit-empty     do not output a newline after empty formatted refs
    -c, --[no-]copy       copy a branch and its reflog
    -C                    copy a branch, even if target exists
    -l, --[no-]list       list branch names
    --[no-]show-current   show current branch name
    --[no-]create-reflog  create the branch's reflog
    --[no-]edit-description
                          edit the description for the branch
    -f, --[no-]force      force creation, move/rename, deletion
    --merged <commit>     print only branches that are merged
    --no-merged <commit>  print only branches that are not merged
    --[no-]column[=<style>]
                          list branches in columns
    --[no-]sort <key>     field name to sort on
    --[no-]points-at <object>
                          print only branches of the object
    -i, --[no-]ignore-case
                          sorting and filtering are case insensitive
    --[no-]recurse-submodules
                          recurse through submodules
    --[no-]format <format>
                          format to use for the output


ADMIN@DESKTOP-KGM478O MINGW64 ~/real_estate_management_system (master)
$ git branch
* master

ADMIN@DESKTOP-KGM478O MINGW64 ~/real_estate_management_system (master)
$ git branch tempo_real_estate

ADMIN@DESKTOP-KGM478O MINGW64 ~/real_estate_management_system (master)
$ git branch
* master
  tempo_real_estate

ADMIN@DESKTOP-KGM478O MINGW64 ~/real_estate_management_system (master)
$ git checkout tempo_real_estate
Switched to branch 'tempo_real_estate'

ADMIN@DESKTOP-KGM478O MINGW64 ~/real_estate_management_system (tempo_real_estate)
$ git status
On branch tempo_real_estate
Changes not staged for commit:
  (use "git add <file>..." to update what will be committed)
  (use "git restore <file>..." to discard changes in working directory)
        modified:   index.html

Untracked files:
  (use "git add <file>..." to include in what will be committed)
        invest-in-real-estate.jpg

no changes added to commit (use "git add" and/or "git commit -a")

ADMIN@DESKTOP-KGM478O MINGW64 ~/real_estate_management_system (tempo_real_estate)
$  git add --all

ADMIN@DESKTOP-KGM478O MINGW64 ~/real_estate_management_system (tempo_real_estate)
$ git status
On branch tempo_real_estate
Changes to be committed:
  (use "git restore --staged <file>..." to unstage)
        modified:   index.html
        new file:   invest-in-real-estate.jpg


ADMIN@DESKTOP-KGM478O MINGW64 ~/real_estate_management_system (tempo_real_estate)
$ git commit -m "add image to the page"
[tempo_real_estate f01e176] add image to the page
 2 files changed, 2 insertions(+)
 create mode 100644 invest-in-real-estate.jpg

ADMIN@DESKTOP-KGM478O MINGW64 ~/real_estate_management_system (tempo_real_estate)
$ ls
index.html  invest-in-real-estate.jpg  readme.md

ADMIN@DESKTOP-KGM478O MINGW64 ~/real_estate_management_system (tempo_real_estate)
$ git checkout master
Switched to branch 'master'

ADMIN@DESKTOP-KGM478O MINGW64 ~/real_estate_management_system (master)
$ ls
index.html  readme.md

ADMIN@DESKTOP-KGM478O MINGW64 ~/real_estate_management_system (master)
$ git checkout -b emergency-fix
Switched to a new branch 'emergency-fix'

ADMIN@DESKTOP-KGM478O MINGW64 ~/real_estate_management_system (emergency-fix)
$
